Pipe, P01A-0018E, (0.0, 0.0, 1.0), (-11943.0, 9261.0, 104.7), False
(-11943.0, 9261.0, 104.1)
(-11943.0, 9261.0, 105.2)
FreeVertex: 1
Elbow90, P02A-000GM, (-1.0, 0.0, 0.0), (-11943.0, 9261.0, 105.8), False
(-11943.0, 9261.0, 105.2)
(-11942.4, 9261.0, 105.8)
FreeVertex: 0
Pipe, P01A-0018E, (1.0, 0.0, 0.0), (-11941.6, 9261.0, 105.8), False
(-11942.4, 9261.0, 105.8)
(-11940.9, 9261.0, 105.8)
FreeVertex: 0
Pipe, P01A-0018E, (1.0, 0.0, 0.0), (-11938.1, 9261.0, 105.8), False
(-11940.9, 9261.0, 105.8)
(-11935.3, 9261.0, 105.8)
FreeVertex: 0
Elbow90, P02A-000GM, (0.0, -0.7, -0.7), (-11934.7, 9261.0, 105.8), False
(-11935.3, 9261.0, 105.8)
(-11934.7, 9261.5, 106.2)
FreeVertex: 0
Pipe, P01A-0018E, (0.0, 0.7, 0.7), (-11934.7, 9261.7, 106.4), False
(-11934.7, 9261.5, 106.2)
(-11934.7, 9261.9, 106.6)
FreeVertex: 0
Elbow45, P03A-000EM, (0.0, -1.0, 0.0), (-11934.7, 9262.0, 106.8), False
(-11934.7, 9261.9, 106.6)
(-11934.7, 9262.3, 106.8)
FreeVertex: 0
Pipe, P01A-0018E, (0.0, 1.0, 0.0), (-11934.7, 9264.8, 106.8), False
(-11934.7, 9262.3, 106.8)
(-11934.7, 9267.3, 106.8)
FreeVertex: 0
Elbow90, P02A-000GM, (0.0, 0.0, -1.0), (-11934.7, 9267.9, 106.8), False
(-11934.7, 9267.3, 106.8)
(-11934.7, 9267.9, 107.4)
FreeVertex: 0
Pipe, P01A-0018E, (0.0, 0.0, 1.0), (-11934.7, 9267.9, 107.6), False
(-11934.7, 9267.9, 107.4)
(-11934.7, 9267.9, 107.7)
FreeVertex: 0
Elbow90, P02A-000GM, (-1.0, 0.0, 0.0), (-11934.7, 9267.9, 108.3), False
(-11934.7, 9267.9, 107.7)
(-11934.1, 9267.9, 108.3)
FreeVertex: 0
Pipe, P01A-0018E, (1.0, 0.0, 0.0), (-11931.5, 9267.9, 108.3), False
(-11934.1, 9267.9, 108.3)
(-11928.8, 9267.9, 108.3)
FreeVertex: 0
Elbow45, P03A-000EM, (-0.7, 0.7, 0.0), (-11928.6, 9267.9, 108.3), False
(-11928.8, 9267.9, 108.3)
(-11928.4, 9267.7, 108.3)
FreeVertex: 0
Pipe, P01A-0018E, (0.7, -0.7, 0.0), (-11928.1, 9267.5, 108.3), False
(-11928.4, 9267.7, 108.3)
(-11927.9, 9267.2, 108.3)
FreeVertex: 0
Elbow90, P02A-000GM, (0.0, 0.0, -1.0), (-11927.5, 9266.8, 108.3), False
(-11927.9, 9267.2, 108.3)
(-11927.5, 9266.8, 108.9)
FreeVertex: 1
FreeVertexTotal: 2
