WeldNeckFlange, 3A101FBC2IR, (0.0, 0.0, -1.0), (-55503.8, 42656.1, 101.6), False
(-55503.8, 42656.1, 101.5)
(-55503.8, 42656.1, 101.6)
FreeVertex: 1
Pipe, 1A113F*C2I, (0.0, 0.0, 1.0), (-55503.8, 42656.1, 102.7), False
(-55503.8, 42656.1, 101.6)
(-55503.8, 42656.1, 103.8)
FreeVertex: 0
ConcentricPipingReducer, 6E205F*C2KC2I, (0.0, 0.0, 1.0), (-55503.8, 42656.1, 103.9), False
(-55503.8, 42656.1, 104.0)
(-55503.8, 42656.1, 103.8)
FreeVertex: 0
Elbow90, 6A205F*C2K, (0.0, 1.0, 0.0), (-55503.8, 42656.1, 104.4), False
(-55503.8, 42656.1, 104.0)
(-55503.8, 42655.7, 104.4)
FreeVertex: 0
Pipe, 1A113F*C2K, (0.0, -1.0, 0.0), (-55503.8, 42655.1, 104.4), False
(-55503.8, 42655.7, 104.4)
(-55503.8, 42654.5, 104.4)
FreeVertex: 0
Pipe, 1A113F*C2K, (0.0, -1.0, 0.0), (-55503.8, 42654.4, 104.4), False
(-55503.8, 42654.5, 104.4)
(-55503.8, 42654.3, 104.4)
FreeVertex: 0
Pipe, 1A113F*C2K, (0.0, -1.0, 0.0), (-55503.8, 42654.3, 104.4), False
(-55503.8, 42654.3, 104.4)
(-55503.8, 42654.2, 104.4)
FreeVertex: 0
WeldOlet, 1A113F*C2K, (-1.0, 0.0, 0.0), (-55503.8, 42654.2, 104.4), False
(-55503.8, 42654.2, 104.4)
(-55503.8, 42654.2, 104.4)
(-55503.9, 42654.2, 104.4)
FreeVertex: 0
GateValve, 2A100T9C1H, (-1.0, 0.0, 0.0), (-55504.0, 42654.2, 104.4), False
(-55504.1, 42654.2, 104.4)
(-55503.9, 42654.2, 104.4)
FreeVertex: 1
EccentricPipingReducer, 6P123YMC1HC1E, (1.0, 0.0, 0.0), (-55504.2, 42654.2, 104.4), False
(-55504.1, 42654.2, 104.4)
(-55504.2, 42654.2, 104.4)
FreeVertex: 2
Coupling, 6L100D*C1E, (-1.0, 0.0, 0.0), (-55504.2, 42654.2, 104.4), False
(-55504.2, 42654.2, 104.4)
(-55504.2, 42654.2, 104.4)
FreeVertex: 2
Pipe, 1A113F*C2K, (0.0, -1.0, 0.0), (-55503.8, 42654.1, 104.4), False
(-55503.8, 42654.2, 104.4)
(-55503.8, 42654.0, 104.4)
FreeVertex: 0
Tee, 021-STRT-0013B, (0.0, -1.0, 0.0), (-55503.8, 42653.8, 104.4), True
(-55503.8, 42653.6, 104.4)
(-55503.8, 42654.0, 104.4)
(-55503.5, 42653.8, 104.4)
FreeVertex: 1
BlindFlange, 3B101B*C2KR, (-1.0, 0.0, 0.0), (-55503.3, 42653.8, 104.4), False
(-55503.3, 42653.8, 104.4)
FreeVertex: 1
Pipe, 1A113F*C2K, (0.0, -1.0, 0.0), (-55503.8, 42653.5, 104.4), False
(-55503.8, 42653.6, 104.4)
(-55503.8, 42653.4, 104.4)
FreeVertex: 0
WeldOlet, 1A113F*C2K, (0.0, 0.0, 1.0), (-55503.8, 42653.4, 104.4), False
(-55503.8, 42653.4, 104.4)
(-55503.8, 42653.4, 104.4)
(-55503.8, 42653.4, 104.5)
FreeVertex: 0
Pipe, 1A112L*C1F, (0.0, 0.0, 1.0), (-55503.8, 42653.4, 104.6), False
(-55503.8, 42653.4, 104.5)
(-55503.8, 42653.4, 104.6)
FreeVertex: 0
GateValve, 2A108A6C1F, (0.0, 0.0, 1.0), (-55503.8, 42653.4, 104.7), False
(-55503.8, 42653.4, 104.7)
(-55503.8, 42653.4, 104.6)
FreeVertex: 0
OpenSpectacleBlank, 6Q102A*C1F, (0.0, 0.0, 1.0), (-55503.8, 42653.4, 104.7), False
(-55503.8, 42653.4, 104.7)
(-55503.8, 42653.4, 104.7)
FreeVertex: 1
Pipe, 1A113F*C2K, (0.0, -1.0, 0.0), (-55503.8, 42653.3, 104.4), False
(-55503.8, 42653.4, 104.4)
(-55503.8, 42653.2, 104.4)
FreeVertex: 0
WeldNeckFlange, 3A101FRC2KR, (0.0, -1.0, 0.0), (-55503.8, 42653.1, 104.4), False
(-55503.8, 42653.1, 104.4)
(-55503.8, 42653.2, 104.4)
FreeVertex: 0
OpenSpectacleBlank, 3P235JBC2KR, (0.0, -1.0, 0.0), (-55503.8, 42653.0, 104.4), False
(-55503.8, 42653.0, 104.4)
(-55503.8, 42653.1, 104.4)
FreeVertex: 0
GateValve, 2A207YQC2K, (0.0, -1.0, 0.0), (-55503.8, 42652.8, 104.4), False
(-55503.8, 42652.6, 104.4)
(-55503.8, 42653.0, 104.4)
FreeVertex: 1
FreeVertexTotal: 10
